// Jest Snapshot v1, https://goo.gl/fbAQLP

exports[`Проверяет снепшот компонента FilmCard 1`] = `
<article
  className="small-movie-card catalog__movies-card"
  onMouseEnter={[Function]}
  onMouseLeave={[Function]}
>
  <div
    className="small-movie-card__image"
  >
    <video
      height={175}
      poster="img/revenant.jpg"
      src="https://archive.org/download/ElephantsDream/ed_1024_512kb.mp4"
      width={280}
    />
  </div>
  <h3
    className="small-movie-card__title"
  >
    <a
      className="small-movie-card__link"
      href="/films/1"
      onClick={[Function]}
    >
      Revenant
    </a>
  </h3>
</article>
`;
